// Jest Snapshot v1, https://goo.gl/fbAQLP

exports[`AboutPage should render correctly 1`] = `
<DocumentFragment>
  <div
    data-testid="about-page-container"
  >
    <div
      class="sc-bczRLJ mwCly"
    >
      <h1
        class="sc-gsnTZi kNIgYo"
      >
        WEATHER
        <span>
          LY
        </span>
      </h1>
      <h5
        class="sc-dkzDqf bffDPx"
      >
        weather app from CC frontend academy attendees
      </h5>
    </div>
    <div
      class="sc-hKMtZM cuwdzt"
    >
      <div
        class="sc-gKXOVf dgQpLl"
      >
        <img
          alt="WEATHER IN YOUR LOCATION"
          src="temperatureWidget.png"
        />
        <div>
          <h3
            class="sc-eCYdqJ evptuE"
          >
            WEATHER IN YOUR LOCATION
          </h3>
          <p
            class="sc-jSMfEi emDtDJ"
          >
            Lorem ipsum dolor sit amet, consectetur adipiscing elit. Etiam eu turpis molestie, dictum est a, mattis tellus. Sed dignissim, metus nec fringilla accumsan, risus sem sollicitudin lacus, ut interdum tellus elit sed risus. Maecenas eget condimentum velit, sit amet feugiat lectus.
          </p>
        </div>
      </div>
      <div
        class="sc-gKXOVf dgQpLl"
      >
        <img
          alt="AIR QUALITY"
          src="parametersWidget.png"
        />
        <div>
          <h3
            class="sc-eCYdqJ evptuE"
          >
            AIR QUALITY
          </h3>
          <p
            class="sc-jSMfEi emDtDJ"
          >
            Lorem ipsum dolor sit amet, consectetur adipiscing elit. Etiam eu turpis molestie, dictum est a, mattis tellus. Sed dignissim, metus nec fringilla accumsan, risus sem sollicitudin lacus, ut interdum tellus elit sed risus. Maecenas eget condimentum velit, sit amet feugiat lectus.
          </p>
        </div>
      </div>
      <div
        class="sc-gKXOVf dgQpLl"
      >
        <img
          alt="WEATHER ON MAP"
          src="map.png"
        />
        <div>
          <h3
            class="sc-eCYdqJ evptuE"
          >
            WEATHER ON MAP
          </h3>
          <p
            class="sc-jSMfEi emDtDJ"
          >
            Lorem ipsum dolor sit amet, consectetur adipiscing elit. Etiam eu turpis molestie, dictum est a, mattis tellus. Sed dignissim, metus nec fringilla accumsan, risus sem sollicitudin lacus, ut interdum tellus elit sed risus. Maecenas eget condimentum velit, sit amet feugiat lectus.
          </p>
        </div>
      </div>
    </div>
  </div>
</DocumentFragment>
`;
